Initialized native services in: C:\Users\user\.gradle\native
Initialized jansi services in: C:\Users\user\.gradle\native
The client will now receive all logging from the daemon (pid: 12644). The daemon log file: C:\Users\user\.gradle\daemon\8.13\daemon-12644.out.log
Starting 5th build in daemon [uptime: 9 mins 20.433 secs, performance: 97%, GC rate: 0.01/s, heap usage: 10% of 341.3 MiB, non-heap usage: 13% of 384 MiB]
Using 12 worker leases.
Watching the file system is configured to be enabled if available
File system watching is inactive
Starting Build
Settings evaluated using settings file 'J:\cap\stockify\settings.gradle'.
Projects loaded. Root project using build file 'J:\cap\stockify\build.gradle'.
Included projects: [root project 'stockify']

> Configure project :
Evaluating root project 'stockify' using build file 'J:\cap\stockify\build.gradle'.
Resolved plugin [id: 'java']
Resolved plugin [id: 'org.springframework.boot', version: '3.4.4']
Resolved plugin [id: 'io.spring.dependency-management', version: '1.1.7']
Applying dependency management to configuration 'annotationProcessor' in project 'stockify'
Applying dependency management to configuration 'apiElements' in project 'stockify'
Applying dependency management to configuration 'archives' in project 'stockify'
Applying dependency management to configuration 'bootArchives' in project 'stockify'
Applying dependency management to configuration 'compileClasspath' in project 'stockify'
Applying dependency management to configuration 'compileOnly' in project 'stockify'
Applying dependency management to configuration 'default' in project 'stockify'
Applying dependency management to configuration 'developmentOnly' in project 'stockify'
Applying dependency management to configuration 'implementation' in project 'stockify'
Applying dependency management to configuration 'mainSourceElements' in project 'stockify'
Applying dependency management to configuration 'productionRuntimeClasspath' in project 'stockify'
Applying dependency management to configuration 'runtimeClasspath' in project 'stockify'
Applying dependency management to configuration 'runtimeElements' in project 'stockify'
Applying dependency management to configuration 'runtimeOnly' in project 'stockify'
Applying dependency management to configuration 'testAndDevelopmentOnly' in project 'stockify'
Applying dependency management to configuration 'testAnnotationProcessor' in project 'stockify'
Applying dependency management to configuration 'testCompileClasspath' in project 'stockify'
Applying dependency management to configuration 'testCompileOnly' in project 'stockify'
Applying dependency management to configuration 'testImplementation' in project 'stockify'
Applying dependency management to configuration 'testResultsElementsForTest' in project 'stockify'
Applying dependency management to configuration 'testRuntimeClasspath' in project 'stockify'
Applying dependency management to configuration 'testRuntimeOnly' in project 'stockify'
All projects evaluated.
Task name matched 'test'
Selected primary task 'test' from project :
Resolving global dependency management for project 'stockify'
Excluding [com.google.protobuf:protobuf-java]
Excluding []
Excluding []
Excluding []
Excluding []
Excluding []
Tasks to be executed: [task ':compileJava', task ':processResources', task ':classes', task ':compileTestJava', task ':processTestResources', task ':testClasses', task ':test']
Tasks that were excluded: []
Resolve mutations for :compileJava (Thread[Execution worker,5,main]) started.
:compileJava (Thread[included builds,5,main]) started.

> Task :compileJava UP-TO-DATE
Custom actions are attached to task ':compileJava'.
Caching disabled for task ':compileJava' because:
  Build cache is disabled
Skipping task ':compileJava' as it is up-to-date.
Resolve mutations for :processResources (Thread[included builds,5,main]) started.
:processResources (Thread[included builds,5,main]) started.

> Task :processResources UP-TO-DATE
Caching disabled for task ':processResources' because:
  Build cache is disabled
  Not worth caching
Skipping task ':processResources' as it is up-to-date.
Resolve mutations for :classes (Thread[included builds,5,main]) started.
:classes (Thread[included builds,5,main]) started.

> Task :classes UP-TO-DATE
Skipping task ':classes' as it has no actions.
Resolve mutations for :compileTestJava (Thread[included builds,5,main]) started.
:compileTestJava (Thread[included builds,5,main]) started.

> Task :compileTestJava UP-TO-DATE
Custom actions are attached to task ':compileTestJava'.
Caching disabled for task ':compileTestJava' because:
  Build cache is disabled
Skipping task ':compileTestJava' as it is up-to-date.
Resolve mutations for :processTestResources (Thread[included builds,5,main]) started.
:processTestResources (Thread[included builds,5,main]) started.

> Task :processTestResources NO-SOURCE
Skipping task ':processTestResources' as it has no source files and no previous output files.
Resolve mutations for :testClasses (Thread[included builds,5,main]) started.
:testClasses (Thread[included builds,5,main]) started.

> Task :testClasses UP-TO-DATE
Skipping task ':testClasses' as it has no actions.
Resolve mutations for :test (Thread[Execution worker Thread 4,5,main]) started.
:test (Thread[Execution worker Thread 4,5,main]) started.
Gradle Test Executor 5 started executing tests.
Gradle Test Executor 5 finished executing tests.

> Task :test FAILED
Caching disabled for task ':test' because:
  Build cache is disabled
Task ':test' is not up-to-date because:
  Task has failed previously.
Starting process 'Gradle Test Executor 5'. Working directory: J:\cap\stockify Command: C:\Program Files (x86)\Eclipse Adoptium\jdk-17.0.14.7-hotspot\bin\java.exe -Dorg.gradle.internal.worker.tmpdir=J:\cap\stockify\build\tmp\test\work @C:\Users\user\.gradle\.tmp\gradle-worker-classpath3266474337554671280txt -Xmx512m -Dfile.encoding=x-windows-949 -Duser.country=KR -Duser.language=ko -Duser.variant -ea worker.org.gradle.process.internal.worker.GradleWorkerMain 'Gradle Test Executor 5'
Successfully started process 'Gradle Test Executor 5'
Finished generating test XML results (0.001 secs) into: J:\cap\stockify\build\test-results\test
Generating HTML test report...
Finished generating test html results (0.004 secs) into: J:\cap\stockify\build\reports\tests\test

[Incubating] Problems report is available at: file:///J:/cap/stockify/build/reports/problems/problems-report.html

Deprecated Gradle features were used in this build, making it incompatible with Gradle 9.0.

You can use '--warning-mode all' to show the individual deprecation warnings and determine if they come from your own scripts or plugins.

For more on this, please refer to https://docs.gradle.org/8.13/userguide/command_line_interface.html#sec:command_line_warnings in the Gradle documentation.
4 actionable tasks: 1 executed, 3 up-to-date
